// Jest Snapshot v1, https://goo.gl/fbAQLP

exports[`<Base /> should be able to mount <Base /> component 1`] = `
<DocumentFragment>
  .c2 {
  width: 100%;
  display: -webkit-box;
  display: -webkit-flex;
  display: -ms-flexbox;
  display: flex;
  -webkit-flex-direction: column;
  -ms-flex-direction: column;
  flex-direction: column;
  margin-left: auto;
  margin-right: auto;
  background-color: inherit;
  color: inherit;
}

.c1 {
  display: -webkit-box;
  display: -webkit-flex;
  display: -ms-flexbox;
  display: flex;
  -webkit-flex-direction: column;
  -ms-flex-direction: column;
  flex-direction: column;
  -webkit-box-pack: justify;
  -webkit-justify-content: space-between;
  -ms-flex-pack: justify;
  justify-content: space-between;
  width: 100%;
  -webkit-align-items: center;
  -webkit-box-align: center;
  -ms-flex-align: center;
  align-items: center;
  color: #e8e8e8;
  width: 100%;
  background-color: #383838;
  border-bottom: 1px solid #545454;
}

.c3 {
  display: -webkit-box;
  display: -webkit-flex;
  display: -ms-flexbox;
  display: flex;
  -webkit-flex-direction: row;
  -ms-flex-direction: row;
  flex-direction: row;
  -webkit-align-items: center;
  -webkit-box-align: center;
  -ms-flex-align: center;
  align-items: center;
  -webkit-box-pack: justify;
  -webkit-justify-content: space-between;
  -ms-flex-pack: justify;
  justify-content: space-between;
}

.c4 {
  font-size: 18px;
  font-weight: 500;
}

.c5 {
  list-style-type: none;
  display: -webkit-box;
  display: -webkit-flex;
  display: -ms-flexbox;
  display: flex;
  direction: row;
}

.c6 {
  font-size: 18px;
  font-weight: 500;
  padding: 16px;
}

.c6:hover {
  cursor: pointer;
  background-color: #545454;
}

.c6:last-child {
  border: none;
}

.c0 {
  display: -webkit-box;
  display: -webkit-flex;
  display: -ms-flexbox;
  display: flex;
  -webkit-flex-direction: column;
  -ms-flex-direction: column;
  flex-direction: column;
  width: 100%;
  min-height: 100%;
}

.c7 {
  width: 100%;
  height: 100%;
}

@media (min-width:1200px) {
  .c2 {
    width: 1200px;
  }
}

<div
    class="c0"
  >
    <div
      class="c1"
      data-testid="navbar"
    >
      <div
        class="c2 c3"
      >
        <p
          class="c4"
        >
          Top Movies
        </p>
        <ul
          class="c5"
        >
          <li
            class="c6"
          >
            Logout
          </li>
          <li
            class="c6"
          >
            Change theme
          </li>
        </ul>
      </div>
    </div>
    <div
      class="c7"
    />
  </div>
</DocumentFragment>
`;
