// Jest Snapshot v1, https://goo.gl/fbAQLP

exports[`<Base /> should be able to mount <Base /> component 1`] = `
<DocumentFragment>
  .c2 {
  width: 100%;
  display: -webkit-box;
  display: -webkit-flex;
  display: -ms-flexbox;
  display: flex;
  -webkit-flex-direction: column;
  -ms-flex-direction: column;
  flex-direction: column;
  margin-left: auto;
  margin-right: auto;
  color: inherit;
}

.c1 {
  display: -webkit-box;
  display: -webkit-flex;
  display: -ms-flexbox;
  display: flex;
  -webkit-flex-direction: column;
  -ms-flex-direction: column;
  flex-direction: column;
  -webkit-box-pack: justify;
  -webkit-justify-content: space-between;
  -ms-flex-pack: justify;
  justify-content: space-between;
  width: 100%;
  -webkit-align-items: center;
  -webkit-box-align: center;
  -ms-flex-align: center;
  align-items: center;
  color: #e8e8e8;
  width: 100%;
  background-color: #383838;
  border-bottom: 1px solid #545454;
}

.c3 {
  display: -webkit-box;
  display: -webkit-flex;
  display: -ms-flexbox;
  display: flex;
  -webkit-flex-direction: row;
  -ms-flex-direction: row;
  flex-direction: row;
  -webkit-align-items: center;
  -webkit-box-align: center;
  -ms-flex-align: center;
  align-items: center;
  -webkit-box-pack: justify;
  -webkit-justify-content: space-between;
  -ms-flex-pack: justify;
  justify-content: space-between;
  padding: 0 16px;
}

.c4 {
  font-size: 18px;
  font-weight: 500;
}

.c5 {
  list-style-type: none;
  display: -webkit-box;
  display: -webkit-flex;
  display: -ms-flexbox;
  display: flex;
  direction: row;
}

.c6 {
  font-size: 18px;
  font-weight: 500;
  padding: 8px;
  display: -webkit-box;
  display: -webkit-flex;
  display: -ms-flexbox;
  display: flex;
  -webkit-align-items: center;
  -webkit-box-align: center;
  -ms-flex-align: center;
  align-items: center;
}

.c6:hover {
  cursor: pointer;
  background-color: #545454;
}

.c6:last-child {
  border: none;
}

.c0 {
  display: -webkit-box;
  display: -webkit-flex;
  display: -ms-flexbox;
  display: flex;
  -webkit-flex-direction: column;
  -ms-flex-direction: column;
  flex-direction: column;
  width: 100%;
  min-height: 100%;
}

.c7 {
  width: 100%;
  height: 100%;
  background-color: #1c1c1c;
}

@media (min-width:1200px) {
  .c2 {
    width: 1200px;
  }
}

<div
    class="c0"
  >
    <div
      class="c1"
      data-testid="navbar"
    >
      <div
        class="c2 c3"
      >
        <p
          class="c4"
        >
          Top Movies
        </p>
        <ul
          class="c5"
        >
          <li
            class="c6"
          >
            <svg
              fill="currentColor"
              height="30"
              stroke="currentColor"
              stroke-width="0"
              viewBox="0 0 16 16"
              width="30"
              xmlns="http://www.w3.org/2000/svg"
            >
              <path
                d="M6 .278a.768.768 0 0 1 .08.858 7.208 7.208 0 0 0-.878 3.46c0 4.021 3.278 7.277 7.318 7.277.527 0 1.04-.055 1.533-.16a.787.787 0 0 1 .81.316.733.733 0 0 1-.031.893A8.349 8.349 0 0 1 8.344 16C3.734 16 0 12.286 0 7.71 0 4.266 2.114 1.312 5.124.06A.752.752 0 0 1 6 .278zM4.858 1.311A7.269 7.269 0 0 0 1.025 7.71c0 4.02 3.279 7.276 7.319 7.276a7.316 7.316 0 0 0 5.205-2.162c-.337.042-.68.063-1.029.063-4.61 0-8.343-3.714-8.343-8.29 0-1.167.242-2.278.681-3.286z"
              />
              <path
                d="M10.794 3.148a.217.217 0 0 1 .412 0l.387 1.162c.173.518.579.924 1.097 1.097l1.162.387a.217.217 0 0 1 0 .412l-1.162.387a1.734 1.734 0 0 0-1.097 1.097l-.387 1.162a.217.217 0 0 1-.412 0l-.387-1.162A1.734 1.734 0 0 0 9.31 6.593l-1.162-.387a.217.217 0 0 1 0-.412l1.162-.387a1.734 1.734 0 0 0 1.097-1.097l.387-1.162zM13.863.099a.145.145 0 0 1 .274 0l.258.774c.115.346.386.617.732.732l.774.258a.145.145 0 0 1 0 .274l-.774.258a1.156 1.156 0 0 0-.732.732l-.258.774a.145.145 0 0 1-.274 0l-.258-.774a1.156 1.156 0 0 0-.732-.732l-.774-.258a.145.145 0 0 1 0-.274l.774-.258c.346-.115.617-.386.732-.732L13.863.1z"
              />
            </svg>
          </li>
          <li
            class="c6"
          >
            <svg
              fill="none"
              height="30"
              stroke="currentColor"
              stroke-linecap="round"
              stroke-linejoin="round"
              stroke-width="2"
              viewBox="0 0 24 24"
              width="30"
              xmlns="http://www.w3.org/2000/svg"
            >
              <path
                d="M9 21H5a2 2 0 0 1-2-2V5a2 2 0 0 1 2-2h4"
              />
              <polyline
                points="16 17 21 12 16 7"
              />
              <line
                x1="21"
                x2="9"
                y1="12"
                y2="12"
              />
            </svg>
          </li>
        </ul>
      </div>
    </div>
    <div
      class="c7"
    />
  </div>
</DocumentFragment>
`;
