// Jest Snapshot v1, https://goo.gl/fbAQLP

exports[`<Login /> should be able to mount <Login /> component 1`] = `
<DocumentFragment>
  .c6 {
  display: -webkit-box;
  display: -webkit-flex;
  display: -ms-flexbox;
  display: flex;
  -webkit-flex-direction: column;
  -ms-flex-direction: column;
  flex-direction: column;
}

.c8 {
  padding: 8px;
  border-radius: 4px;
  border: 1px solid #bababa;
  outline: none;
  margin-top: 4px;
}

.c8:focus {
  border-color: #545454;
}

.c7 {
  font-size: 14px;
  color: #707070;
}

.c9 {
  font-size: 12px;
  color: #ec6666;
  margin-top: 4px;
  min-height: 16px;
}

.c0 {
  background-color: #b82d66;
  display: -webkit-box;
  display: -webkit-flex;
  display: -ms-flexbox;
  display: flex;
  -webkit-flex-direction: column;
  -ms-flex-direction: column;
  flex-direction: column;
  -webkit-box-pack: center;
  -webkit-justify-content: center;
  -ms-flex-pack: center;
  justify-content: center;
  -webkit-align-items: center;
  -webkit-box-align: center;
  -ms-flex-align: center;
  align-items: center;
  height: 100%;
  padding: 16px;
  color: #545454;
}

.c1 {
  display: -webkit-box;
  display: -webkit-flex;
  display: -ms-flexbox;
  display: flex;
  -webkit-align-items: center;
  -webkit-box-align: center;
  -ms-flex-align: center;
  align-items: center;
  margin-bottom: 24px;
}

.c2 {
  width: 180px;
  text-align: center;
  font-size: 48px;
  color: #e8e8e8;
}

.c3 {
  width: 200px;
}

.c4 {
  background-color: #fff;
  border-radius: 8px;
  padding: 24px;
  max-width: 100%;
  width: 400px;
}

.c5 {
  font-size: 18px;
  margin-bottom: 24px;
  color: #545454;
}

.c10 {
  display: -webkit-box;
  display: -webkit-flex;
  display: -ms-flexbox;
  display: flex;
  -webkit-box-pack: center;
  -webkit-justify-content: center;
  -ms-flex-pack: center;
  justify-content: center;
}

.c11 {
  background-color: #f26419;
  border-radius: 4px;
  padding: 8px;
  border: none;
  color: #fff;
  font-weight: 600;
  margin: 0 auto;
  margin-top: 8px;
  width: 50%;
}

.c11:hover {
  background-color: #c25014;
  cursor: pointer;
}

@media (max-width:420px) {
  .c2 {
    font-size: 32px;
    width: 130px;
  }
}

@media (max-width:420px) {
  .c3 {
    width: 100px;
  }
}

<div
    class="c0"
  >
    <div
      class="c1"
    >
      <h1
        class="c2"
      >
        Top Movies
      </h1>
      <img
        class="c3"
        src="test-file-stub"
      />
    </div>
    <div
      class="c4"
    >
      <form>
        <h2
          class="c5"
        >
          Login
        </h2>
        <div
          class="c6"
        >
          <label
            class="c7"
            data-testid="email-label"
            for="email"
          >
            E-mail
          </label>
          <input
            class="c8"
            data-testid="email-input"
            name="email"
            placeholder="example@example.com"
            type="email"
          />
          <p
            class="c9"
            data-testid="email-error"
            role="form-field-error"
          />
        </div>
        <div
          class="c6"
        >
          <label
            class="c7"
            data-testid="password-label"
            for="password"
          >
            Password
          </label>
          <input
            class="c8"
            data-testid="password-input"
            name="password"
            placeholder="**********"
            type="password"
          />
          <p
            class="c9"
            data-testid="password-error"
            role="form-field-error"
          />
        </div>
        <div
          class="c10"
        >
          <button
            class="c11"
            data-testid="submit"
            type="submit"
          >
            SIGN IN
          </button>
        </div>
      </form>
    </div>
  </div>
</DocumentFragment>
`;
